Microchip MPLAB XC8 Compiler V2.45

Linker command line:

-W-3 \
  --edf=C:\Program Files\Microchip\xc8\v2.45\pic\dat\20230818022343_en.msgs \
  -cn -h+dist/default/debug\lab10test.X.debug.sym \
  --cmf=dist/default/debug\lab10test.X.debug.cmf -z -Q18F4520 \
  -oC:\Users\88698\AppData\Local\Temp\xcAseqc.\driver_tmp_3.o \
  --defsym=__MPLAB_BUILD=1 --fixupoverflow=error \
  -Mdist/default/debug/lab10test.X.debug.map \
  --md=C:\Users\88698\AppData\Local\Temp\xcAseqc.\driver_tmp_0.dat -E1 \
  -ver=XC8 Compiler --acfsm=1493 -ACODE=00h-07DBFh -ACONST=00h-07DBFh \
  -ASMALLCONST=0600h-06FFhx119,07D00h-07DBFh -AMEDIUMCONST=0600h-07DBFh \
  -ACOMRAM=01h-07Fh -AABS1=00h-05F3h -ABIGRAM=01h-05F3h \
  -ARAM=080h-0FFh,0100h-01FFhx4,0500h-05F3h -ABANK0=080h-0FFh \
  -ABANK1=0100h-01FFh -ABANK2=0200h-02FFh -ABANK3=0300h-03FFh \
  -ABANK4=0400h-04FFh -ABANK5=0500h-05F3h \
  -ASFR=0F80h-0F9Bh,0F9Dh-0FD3h,0FD5h-0FDAh,0FE0h-0FE2h,0FE8h-0FEAh,0FF0h-0FFCh \
  -ABIGSFR=0F80h-0F9Bh,0F9Dh-0FD3h,0FD5h-0FDAh,0FE0h-0FE2h,0FE8h-0FEAh,0FF0h-0FFCh \
  -ACONFIG=0300000h-030000Dh -AIDLOC=0200000h-0200007h \
  -AEEDATA=0F00000h-0F000FFh -peeprom_data=EEDATA \
  -preset_vec=00h,intcode=08h,intcodelo=018h,powerup,init -pramtop=0600h \
  -psmallconst=SMALLCONST -pmediumconst=MEDIUMCONST -pconst=CONST \
  -AFARRAM=00h-00h \
  -prdata=COMRAM,nvrram=COMRAM,nvbit=COMRAM,rbss=COMRAM,rbit=COMRAM \
  -pfarbss=FARRAM,fardata=FARRAM,nvFARRAM=FARRAM \
  -pintsave_regs=BIGRAM,bigbss=BIGRAM,bigdata=BIGRAM -pbss=RAM \
  -pidata=CODE,irdata=CODE,ibigdata=CODE,ifardata=CODE -prparam=COMRAM \
  C:\Users\88698\AppData\Local\Temp\xcAseqc.\driver_tmp_9.o \
  dist/default/debug\lab10test.X.debug.o 

Object code version is 3.11

Machine type is 18F4520



                Name                               Link     Load   Length Selector   Space Scale
C:\Users\88698\AppData\Local\Temp\xcAseqc.\driver_tmp_9.o
                idloc                            200000   200000        8        0       5
                config                           300000   300000        E        0       4
                init                                 5E       5E        4        C       0
                reset_vec                             0        0        4        0       0
dist/default/debug\lab10test.X.debug.o
                intcodelo                            18       18       46        C       0
                intcode                               8        8        6        4       0
                idloc                            200000   200000        8        0       5
                config                           300000   300000        E        0       4
                temp                                 3D       3D        1        1       1
                smallconst                          600      600        6      300       0
                intcode_body                        606      606      2D2      303       0
                text12                              A52      A52       16      303       0
                text11                              980      980       28      303       0
                text9                               9CA      9CA       20      303       0
                text8                               952      952       2E      303       0
                text7                               A08      A08       1E      303       0
                text6                               A70      A70        8      303       0
                text5                               A68      A68        8      303       0
                text4                               9A8      9A8       22      303       0
                text3                               A3C      A3C       16      303       0
                text2                               A26      A26       16      303       0
                text1                               8D8      8D8       42      303       0
                text0                               91A      91A       38      303       0
                cstackCOMRAM                         30       30        D        1       1
                bssCOMRAM                             1        1       2F        1       1
                cinit                               9EA      9EA       1E      303       0

TOTAL           Name                               Link     Load   Length     Space
        CLASS   CODE           
                intcodelo                            18       18       46         0
                intcode                               8        8        6         0
                init                                 5E       5E        4         0
                reset_vec                             0        0        4         0
                intcode_body                        606      606      2D2         0
                text12                              A52      A52       16         0
                text11                              980      980       28         0
                text9                               9CA      9CA       20         0
                text8                               952      952       2E         0
                text7                               A08      A08       1E         0
                text6                               A70      A70        8         0
                text5                               A68      A68        8         0
                text4                               9A8      9A8       22         0
                text3                               A3C      A3C       16         0
                text2                               A26      A26       16         0
                text1                               8D8      8D8       42         0
                text0                               91A      91A       38         0
                cinit                               9EA      9EA       1E         0

        CLASS   CONST          

        CLASS   SMALLCONST     
                smallconst                          600      600        6         0

        CLASS   MEDIUMCONST    

        CLASS   COMRAM         
                temp                                 3D       3D        1         1
                cstackCOMRAM                         30       30        D         1
                bssCOMRAM                             1        1       2F         1

        CLASS   ABS1           

        CLASS   BIGRAM         

        CLASS   RAM            

        CLASS   BANK0          

        CLASS   BANK1          

        CLASS   BANK2          

        CLASS   BANK3          

        CLASS   BANK4          

        CLASS   BANK5          

        CLASS   SFR            

        CLASS   BIGSFR         

        CLASS   CONFIG         
                config                           300000   300000        E         4

        CLASS   IDLOC          
                idloc                            200000   200000        8         5

        CLASS   EEDATA         

        CLASS   FARRAM         

        CLASS   HEAP           

        CLASS   STACK          



SEGMENTS        Name                           Load    Length   Top    Selector   Space  Class

                reset_vec                      000000  000004  000004         0       0  CODE    
                bssCOMRAM                      000001  00003D  00003E         1       1  COMRAM  
                intcode                        000008  000006  00000E         4       0  CODE    
                intcodelo                      000018  00004A  000062         C       0  CODE    
                smallconst                     000600  000006  000606       300       0  SMALLCON
                intcode_body                   000606  000472  000A78       303       0  CODE    


UNUSED ADDRESS RANGES

        Name                Unused          Largest block    Delta
        BANK0            000080-0000FF               80
        BANK1            000100-0001FF              100
        BANK2            000200-0002FF              100
        BANK3            000300-0003FF              100
        BANK4            000400-0004FF              100
        BANK5            000500-0005F3               F4
        BIGRAM           00003E-0005F3              5B6
        BIGSFR           000F80-000F9B               1C
                         000F9D-000FD3               37
                         000FD5-000FDA                6
                         000FE0-000FE2                3
                         000FE8-000FEA                3
                         000FF0-000FFC                D
        CODE             000004-000007                4
                         00000E-000017                A
                         000062-0005FF              59E
                         000A78-007DBF             7348
        COMRAM           00003E-00007F               42
        CONST            000004-000007                4
                         00000E-000017                A
                         000062-0005FF              59E
                         000A78-007DBF             7348
        EEDATA           F00000-F000FF              100
        MEDIUMCONST      000A78-007DBF             7348
        RAM              000080-0005F3              100
        SFR              000F80-000F9B               1C
                         000F9D-000FD3               37
                         000FD5-000FDA                6
                         000FE0-000FE2                3
                         000FE8-000FEA                3
                         000FF0-000FFC                D
        SMALLCONST       000A78-007DBF              100

                                  Symbol Table

ADC_Read@channel               cstackCOMRAM 000038
Hi_ISR@value                   cstackCOMRAM 000031
MyusartRead@text               cstackCOMRAM 000034
UART_Write@data                cstackCOMRAM 000038
UART_Write_Text@i              cstackCOMRAM 00003B
UART_Write_Text@text           cstackCOMRAM 000039
_ADCON0bits                    (abs)        000FC2
_ADCON1                        (abs)        000FC1
_ADCON2bits                    (abs)        000FC0
_ADC_Initialize                text8        000952
_ADC_Read                      text9        0009CA
_ADFM                          (abs)        007E07
_ADON                          (abs)        007E10
_ADRESH                        (abs)        000FC4
_ADRESL                        (abs)        000FC3
_BAUDCONbits                   (abs)        000FB8
_CCP1CON                       (abs)        000FBD
_CCP1CONbits                   (abs)        000FBD
_CCP1_Initialize               text7        000A08
_CCPR1L                        (abs)        000FBE
_CREN                          (abs)        007D5C
_Hi_ISR                        intcode      000008
_INTCONbits                    (abs)        000FF2
_INTERRUPT_Initialize          text6        000A70
_IPR1bits                      (abs)        000F9F
_IRCF0                         (abs)        007E9C
_IRCF1                         (abs)        007E9D
_IRCF2                         (abs)        007E9E
_LATC                          (abs)        000F8B
_LATD                          (abs)        000F8C
_Lo_ISR                        intcodelo    000018
_MyusartRead                   text11       000980
_OSCILLATOR_Initialize         text5        000A68
_PIE1bits                      (abs)        000F9D
_PIR1bits                      (abs)        000F9E
_RCIF                          (abs)        007CF5
_RCONbits                      (abs)        000FD0
_RCREG                         (abs)        000FAE
_RCSTAbits                     (abs)        000FAB
_SPBRG                         (abs)        000FAF
_SYSTEM_Initialize             text3        000A3C
_T2CONbits                     (abs)        000FCA
_TRISA                         (abs)        000F92
_TRISC                         (abs)        000F94
_TRISCbits                     (abs)        000F94
_TRISD                         (abs)        000F95
_TXREG                         (abs)        000FAD
_TXSTAbits                     (abs)        000FAC
_UART_Initialize               text4        0009A8
_UART_Write                    text2        000A26
_UART_Write_Text               text1        0008D8
__HRAM                         (abs)        000000
__H__absolute__                __absolute__ 000000
__Habs1                        abs1         000000
__Hbank0                       bank0        000000
__Hbank1                       bank1        000000
__Hbank2                       bank2        000000
__Hbank3                       bank3        000000
__Hbank4                       bank4        000000
__Hbank5                       bank5        000000
__Hbigbss                      bigbss       000000
__Hbigdata                     bigdata      000000
__Hbigram                      bigram       000000
__Hbigsfr                      bigsfr       000000
__Hbss                         bss          000000
__HbssCOMRAM                   bssCOMRAM    000000
__Hcinit                       cinit        000000
__Hclrtext                     clrtext      000000
__Hcomram                      comram       000000
__Hconfig                      config       30000E
__Hconst                       const        000000
__HcstackCOMRAM                cstackCOMRAM 000000
__Hdata                        data         000000
__Heeprom_data                 eeprom_data  000000
__Hfarbss                      farbss       000000
__Hfardata                     fardata      000000
__Hheap                        heap         000000
__Hibigdata                    ibigdata     000000
__Hidata                       idata        000000
__Hidloc                       idloc        200008
__Hifardata                    ifardata     000000
__Hinit                        init         000062
__Hintcode                     intcode      00000E
__Hintcode_body                intcode_body 000000
__Hintcodelo                   intcodelo    00005E
__Hintentry                    intentry     000000
__Hintret                      intret       000000
__Hintsave_regs                intsave_regs 000000
__Hirdata                      irdata       000000
__Hmediumconst                 mediumconst  000000
__HnvFARRAM                    nvFARRAM     000000
__Hnvbit                       nvbit        000000
__Hnvrram                      nvrram       000000
__Hparam                       rparam       000000
__Hpowerup                     powerup      00005E
__Hram                         ram          000000
__Hramtop                      ramtop       000600
__Hrbit                        rbit         000000
__Hrbss                        rbss         000000
__Hrdata                       rdata        000000
__Hreset_vec                   reset_vec    000004
__Hrparam                      rparam       000000
__Hsfr                         sfr          000000
__Hsmallconst                  smallconst   000606
__Hspace_0                     (abs)        000A78
__Hspace_1                     (abs)        00003E
__Hspace_2                     (abs)        000000
__Hspace_4                     (abs)        60000E
__Hstack                       stack        000000
__Hstruct                      struct       000000
__Htemp                        temp         00003E
__Htext                        text         000000
__Htext0                       text0        000000
__Htext1                       text1        000000
__Htext11                      text11       000000
__Htext12                      text12       000000
__Htext2                       text2        000000
__Htext3                       text3        000000
__Htext4                       text4        000000
__Htext5                       text5        000000
__Htext6                       text6        000000
__Htext7                       text7        000000
__Htext8                       text8        000000
__Htext9                       text9        000000
__LRAM                         (abs)        000001
__L__absolute__                __absolute__ 000000
__Labs1                        abs1         000000
__Lbank0                       bank0        000000
__Lbank1                       bank1        000000
__Lbank2                       bank2        000000
__Lbank3                       bank3        000000
__Lbank4                       bank4        000000
__Lbank5                       bank5        000000
__Lbigbss                      bigbss       000000
__Lbigdata                     bigdata      000000
__Lbigram                      bigram       000000
__Lbigsfr                      bigsfr       000000
__Lbss                         bss          000000
__LbssCOMRAM                   bssCOMRAM    000000
__Lcinit                       cinit        000000
__Lclrtext                     clrtext      000000
__Lcomram                      comram       000000
__Lconfig                      config       000000
__Lconst                       const        000000
__LcstackCOMRAM                cstackCOMRAM 000000
__Ldata                        data         000000
__Leeprom_data                 eeprom_data  000000
__Lfarbss                      farbss       000000
__Lfardata                     fardata      000000
__Lheap                        heap         000000
__Libigdata                    ibigdata     000000
__Lidata                       idata        000000
__Lidloc                       idloc        000000
__Lifardata                    ifardata     000000
__Linit                        init         00005E
__Lintcode                     intcode      000008
__Lintcode_body                intcode_body 000000
__Lintcodelo                   intcodelo    000018
__Lintentry                    intentry     000000
__Lintret                      intret       000000
__Lintsave_regs                intsave_regs 000000
__Lirdata                      irdata       000000
__Lmediumconst                 mediumconst  000000
__LnvFARRAM                    nvFARRAM     000000
__Lnvbit                       nvbit        000000
__Lnvrram                      nvrram       000000
__Lparam                       rparam       000000
__Lpowerup                     powerup      00005E
__Lram                         ram          000000
__Lramtop                      ramtop       000600
__Lrbit                        rbit         000000
__Lrbss                        rbss         000000
__Lrdata                       rdata        000000
__Lreset_vec                   reset_vec    000000
__Lrparam                      rparam       000000
__Lsfr                         sfr          000000
__Lsmallconst                  smallconst   000600
__Lspace_0                     (abs)        000000
__Lspace_1                     (abs)        000000
__Lspace_2                     (abs)        000000
__Lspace_4                     (abs)        000000
__Lstack                       stack        000000
__Lstruct                      struct       000000
__Ltemp                        temp         00003D
__Ltext                        text         000000
__Ltext0                       text0        000000
__Ltext1                       text1        000000
__Ltext11                      text11       000000
__Ltext12                      text12       000000
__Ltext2                       text2        000000
__Ltext3                       text3        000000
__Ltext4                       text4        000000
__Ltext5                       text5        000000
__Ltext6                       text6        000000
__Ltext7                       text7        000000
__Ltext8                       text8        000000
__Ltext9                       text9        000000
__S0                           (abs)        000A78
__S1                           (abs)        00003E
__S4                           (abs)        000000
__S5                           (abs)        000000
___heap_hi                     (abs)        000000
___heap_lo                     (abs)        000000
___inthi_sp                    stack        000000
___inthi_stack_hi              stack        000000
___inthi_stack_lo              stack        000000
___intlo_sp                    stack        000000
___intlo_stack_hi              stack        000000
___intlo_stack_lo              stack        000000
___param_bank                  (abs)        000000
___rparam_used                 (abs)        000001
___sp                          stack        000000
___stack_hi                    stack        000000
___stack_lo                    stack        000000
__accesstop                    (abs)        000080
__activetblptr                 (abs)        000001
__end_of_ADC_Initialize        text8        000980
__end_of_ADC_Read              text9        0009EA
__end_of_CCP1_Initialize       text7        000A26
__end_of_Hi_ISR                intcode_body 0008D8
__end_of_INTERRUPT_Initialize  text6        000A78
__end_of_Lo_ISR                intcodelo    00005E
__end_of_MyusartRead           text11       0009A8
__end_of_OSCILLATOR_Initialize text5        000A70
__end_of_SYSTEM_Initialize     text3        000A52
__end_of_UART_Initialize       text4        0009CA
__end_of_UART_Write            text2        000A3C
__end_of_UART_Write_Text       text1        00091A
__end_of__initialization       cinit        0009F6
__end_of_main                  text0        000952
__end_ofi1_UART_Write          text12       000A68
__initialization               cinit        0009EA
__mediumconst                  mediumconst  000000
__pbssCOMRAM                   bssCOMRAM    000001
__pcinit                       cinit        0009EA
__pcstackCOMRAM                cstackCOMRAM 000030
__pintcode                     intcode      000008
__pintcode_body                intcode_body 000606
__pintcodelo                   intcodelo    000018
__psmallconst                  smallconst   000600
__ptext0                       text0        00091A
__ptext1                       text1        0008D8
__ptext11                      text11       000980
__ptext12                      text12       000A52
__ptext2                       text2        000A26
__ptext3                       text3        000A3C
__ptext4                       text4        0009A8
__ptext5                       text5        000A68
__ptext6                       text6        000A70
__ptext7                       text7        000A08
__ptext8                       text8        000952
__ptext9                       text9        0009CA
__ramtop                       ramtop       000600
__smallconst                   smallconst   000600
_before                        bssCOMRAM    00002F
_input                         bssCOMRAM    00002B
_lenStr                        bssCOMRAM    00002D
_main                          text0        00091A
_mystring                      bssCOMRAM    000001
_num                           bssCOMRAM    000029
_str                           bssCOMRAM    000015
btemp                          temp         00003D
end_of_initialization          cinit        0009F6
i1UART_Write@data              cstackCOMRAM 000033
i1_UART_Write                  text12       000A52
int$flags                      temp         00003D
int_func                       intcode_body 000606
intlevel0                      text         000000
intlevel1                      text         000000
intlevel2                      text         000000
intlevel3                      text         000000
isa$std                        (abs)        000001
isa$xinst                      (abs)        000000
stackhi                        (abs)        000000
stacklo                        (abs)        000000
start                          init         00005E
start_initialization           cinit        0009EA
ttemp5                         temp         00003E
ttemp6                         temp         000041
ttemp7                         temp         000045
wtemp8                         temp         00003E


MODULE INFORMATION

Module		Function		Class		Link	Load	Size
setting_hardaware/interrupt_manager.c
		_INTERRUPT_Initialize		CODE           	0A70	0000	8

setting_hardaware/interrupt_manager.c estimated size: 8

setting_hardaware/uart.c
		_Lo_ISR        		CODE           	0018	0000	70
		_MyusartRead   		CODE           	0980	0000	40
		_UART_Write_Text		CODE           	08D8	0000	66
		_UART_Initialize		CODE           	09A8	0000	34
		_UART_Write    		CODE           	0A26	0000	22

setting_hardaware/uart.c estimated size: 232

setting_hardaware/ccp1.c
		_CCP1_Initialize		CODE           	0A08	0000	30

setting_hardaware/ccp1.c estimated size: 30

setting_hardaware/adc.c
		_ADC_Initialize		CODE           	0952	0000	46
		_ADC_Read      		CODE           	09CA	0000	32

setting_hardaware/adc.c estimated size: 78

shared
		i1_UART_Write  		CODE           	0A52	0000	22
		__initialization		CODE           	09EA	0000	12

shared estimated size: 34

setting_hardaware/setting.c
		_OSCILLATOR_Initialize		CODE           	0A68	0000	8
		_SYSTEM_Initialize		CODE           	0A3C	0000	22

setting_hardaware/setting.c estimated size: 30

main.c
		_main          		CODE           	091A	0000	56
		_Hi_ISR        		CODE           	0008	0000	728

main.c estimated size: 784

