Microchip MPLAB XC8 Compiler V2.45

Linker command line:

-W-3 \
  --edf=C:\Program Files\Microchip\xc8\v2.45\pic\dat\20230818022343_en.msgs \
  -cn -h+dist/default/production\lab10test.X.production.sym \
  --cmf=dist/default/production\lab10test.X.production.cmf -z -Q18F4520 \
  -oC:\Users\88698\AppData\Local\Temp\xcAs834.\driver_tmp_3.o \
  --defsym=__MPLAB_BUILD=1 --fixupoverflow=error \
  -Mdist/default/production/lab10test.X.production.map \
  --md=C:\Users\88698\AppData\Local\Temp\xcAs834.\driver_tmp_0.dat -E1 \
  -ver=XC8 Compiler --acfsm=1493 -ACODE=00h-07FFFh -ACONST=00h-07FFFh \
  -ASMALLCONST=0600h-06FFhx122 -AMEDIUMCONST=0600h-07FFFh -ACOMRAM=01h-07Fh \
  -AABS1=00h-05FFh -ABIGRAM=01h-05FFh -ARAM=080h-0FFh,0100h-01FFhx5 \
  -ABANK0=080h-0FFh -ABANK1=0100h-01FFh -ABANK2=0200h-02FFh \
  -ABANK3=0300h-03FFh -ABANK4=0400h-04FFh -ABANK5=0500h-05FFh \
  -ASFR=0F80h-0FFFh -ABIGSFR=0F80h-0FFFh -ACONFIG=0300000h-030000Dh \
  -AIDLOC=0200000h-0200007h -AEEDATA=0F00000h-0F000FFh -peeprom_data=EEDATA \
  -preset_vec=00h,intcode=08h,intcodelo=018h,powerup,init -pramtop=0600h \
  -psmallconst=SMALLCONST -pmediumconst=MEDIUMCONST -pconst=CONST \
  -AFARRAM=00h-00h \
  -prdata=COMRAM,nvrram=COMRAM,nvbit=COMRAM,rbss=COMRAM,rbit=COMRAM \
  -pfarbss=FARRAM,fardata=FARRAM,nvFARRAM=FARRAM \
  -pintsave_regs=BIGRAM,bigbss=BIGRAM,bigdata=BIGRAM -pbss=RAM \
  -pidata=CODE,irdata=CODE,ibigdata=CODE,ifardata=CODE -prparam=COMRAM \
  C:\Users\88698\AppData\Local\Temp\xcAs834.\driver_tmp_9.o \
  dist/default/production\lab10test.X.production.o 

Object code version is 3.11

Machine type is 18F4520



                Name                               Link     Load   Length Selector   Space Scale
C:\Users\88698\AppData\Local\Temp\xcAs834.\driver_tmp_9.o
                idloc                            200000   200000        8        0       5
                config                           300000   300000        E        0       4
                init                                 8E       8E        4        C       0
                reset_vec                             0        0        4        0       0
dist/default/production\lab10test.X.production.o
                intcodelo                            18       18       76        C       0
                intcode                               8        8        6        4       0
                idloc                            200000   200000        8        0       5
                config                           300000   300000        E        0       4
                temp                                 4B       4B        1        1       1
                smallconst                          600      600       16      300       0
                intcode_body                        616      616      2D2      30B       0
                text14                              C5A      C5A       16      30B       0
                text13                              AEC      AEC       4A      30B       0
                text12                              A7C      A7C       70      30B       0
                text11                              B36      B36       36      30B       0
                text10                              8E8      8E8       E0      30B       0
                text9                               9C8      9C8       B4      30B       0
                text7                               BEC      BEC       20      30B       0
                text6                               B9C      B9C       2E      30B       0
                text5                               C0C      C0C       1E      30B       0
                text4                               C78      C78        8      30B       0
                text3                               C70      C70        8      30B       0
                text2                               BCA      BCA       22      30B       0
                text1                               C44      C44       16      30B       0
                text0                               B6C      B6C       30      30B       0
                cstackCOMRAM                         30       30       1B        1       1
                bssCOMRAM                             1        1       2F        1       1
                cinit                               C2A      C2A       1A      30B       0

TOTAL           Name                               Link     Load   Length     Space
        CLASS   CODE           
                intcodelo                            18       18       76         0
                intcode                               8        8        6         0
                init                                 8E       8E        4         0
                reset_vec                             0        0        4         0
                intcode_body                        616      616      2D2         0
                text14                              C5A      C5A       16         0
                text13                              AEC      AEC       4A         0
                text12                              A7C      A7C       70         0
                text11                              B36      B36       36         0
                text10                              8E8      8E8       E0         0
                text9                               9C8      9C8       B4         0
                text7                               BEC      BEC       20         0
                text6                               B9C      B9C       2E         0
                text5                               C0C      C0C       1E         0
                text4                               C78      C78        8         0
                text3                               C70      C70        8         0
                text2                               BCA      BCA       22         0
                text1                               C44      C44       16         0
                text0                               B6C      B6C       30         0
                cinit                               C2A      C2A       1A         0

        CLASS   CONST          

        CLASS   SMALLCONST     
                smallconst                          600      600       16         0

        CLASS   MEDIUMCONST    

        CLASS   COMRAM         
                temp                                 4B       4B        1         1
                cstackCOMRAM                         30       30       1B         1
                bssCOMRAM                             1        1       2F         1

        CLASS   ABS1           

        CLASS   BIGRAM         

        CLASS   RAM            

        CLASS   BANK0          

        CLASS   BANK1          

        CLASS   BANK2          

        CLASS   BANK3          

        CLASS   BANK4          

        CLASS   BANK5          

        CLASS   SFR            

        CLASS   BIGSFR         

        CLASS   CONFIG         
                config                           300000   300000        E         4

        CLASS   IDLOC          
                idloc                            200000   200000        8         5

        CLASS   EEDATA         

        CLASS   FARRAM         

        CLASS   HEAP           

        CLASS   STACK          



SEGMENTS        Name                           Load    Length   Top    Selector   Space  Class

                reset_vec                      000000  000004  000004         0       0  CODE    
                bssCOMRAM                      000001  00004B  00004C         1       1  COMRAM  
                intcode                        000008  000006  00000E         4       0  CODE    
                intcodelo                      000018  00007A  000092         C       0  CODE    
                smallconst                     000600  000016  000616       300       0  SMALLCON
                intcode_body                   000616  00066A  000C80       30B       0  CODE    


UNUSED ADDRESS RANGES

        Name                Unused          Largest block    Delta
        BANK0            000080-0000FF               80
        BANK1            000100-0001FF              100
        BANK2            000200-0002FF              100
        BANK3            000300-0003FF              100
        BANK4            000400-0004FF              100
        BANK5            000500-0005FF              100
        BIGRAM           00004C-0005FF              5B4
        BIGSFR           000F80-000FFF               80
        CODE             000004-000007                4
                         00000E-000017                A
                         000092-0005FF              56E
                         000C80-007FFF             7380
        COMRAM           00004C-00007F               34
        CONST            000004-000007                4
                         00000E-000017                A
                         000092-0005FF              56E
                         000C80-007FFF             7380
        EEDATA           F00000-F000FF              100
        MEDIUMCONST      000C80-007FFF             7380
        RAM              000080-0005FF              100
        SFR              000F80-000FFF               80
        SMALLCONST       000C80-007FFF              100

                                  Symbol Table

?_strlen                       cstackCOMRAM 000033
?_strncmp                      cstackCOMRAM 000033
ADC_Read@channel               cstackCOMRAM 000049
Hi_ISR@value                   cstackCOMRAM 000031
MyusartRead@i                  cstackCOMRAM 00003D
MyusartRead@text               cstackCOMRAM 00003F
UART_Write@data                cstackCOMRAM 000033
UART_Write_Text@i              cstackCOMRAM 000036
UART_Write_Text@text           cstackCOMRAM 000034
_ADCON0bits                    (abs)        000FC2
_ADCON1                        (abs)        000FC1
_ADCON2bits                    (abs)        000FC0
_ADC_Initialize                text6        000B9C
_ADC_Read                      text7        000BEC
_ADFM                          (abs)        007E07
_ADON                          (abs)        007E10
_ADRESH                        (abs)        000FC4
_ADRESL                        (abs)        000FC3
_BAUDCONbits                   (abs)        000FB8
_CCP1CON                       (abs)        000FBD
_CCP1CONbits                   (abs)        000FBD
_CCP1_Initialize               text5        000C0C
_CCPR1L                        (abs)        000FBE
_CREN                          (abs)        007D5C
_Hi_ISR                        intcode      000008
_INTCONbits                    (abs)        000FF2
_INTERRUPT_Initialize          text4        000C78
_IPR1bits                      (abs)        000F9F
_IRCF0                         (abs)        007E9C
_IRCF1                         (abs)        007E9D
_IRCF2                         (abs)        007E9E
_LATC                          (abs)        000F8B
_LATD                          (abs)        000F8C
_Lo_ISR                        intcodelo    000018
_MyusartRead                   text9        0009C8
_OSCILLATOR_Initialize         text3        000C70
_PIE1bits                      (abs)        000F9D
_PIR1bits                      (abs)        000F9E
_RCIF                          (abs)        007CF5
_RCONbits                      (abs)        000FD0
_RCREG                         (abs)        000FAE
_RCSTAbits                     (abs)        000FAB
_SPBRG                         (abs)        000FAF
_SYSTEM_Initialize             text1        000C44
_T2CONbits                     (abs)        000FCA
_TRISA                         (abs)        000F92
_TRISC                         (abs)        000F94
_TRISCbits                     (abs)        000F94
_TRISD                         (abs)        000F95
_TXREG                         (abs)        000FAD
_TXSTAbits                     (abs)        000FAC
_UART_Initialize               text2        000BCA
_UART_Write                    text14       000C5A
_UART_Write_Text               text13       000AEC
__HRAM                         (abs)        000000
__H__absolute__                __absolute__ 000000
__Habs1                        abs1         000000
__Hbank0                       bank0        000000
__Hbank1                       bank1        000000
__Hbank2                       bank2        000000
__Hbank3                       bank3        000000
__Hbank4                       bank4        000000
__Hbank5                       bank5        000000
__Hbigbss                      bigbss       000000
__Hbigdata                     bigdata      000000
__Hbigram                      bigram       000000
__Hbigsfr                      bigsfr       000000
__Hbss                         bss          000000
__HbssCOMRAM                   bssCOMRAM    000000
__Hcinit                       cinit        000000
__Hclrtext                     clrtext      000000
__Hcomram                      comram       000000
__Hconfig                      config       30000E
__Hconst                       const        000000
__HcstackCOMRAM                cstackCOMRAM 000000
__Hdata                        data         000000
__Heeprom_data                 eeprom_data  000000
__Hfarbss                      farbss       000000
__Hfardata                     fardata      000000
__Hheap                        heap         000000
__Hibigdata                    ibigdata     000000
__Hidata                       idata        000000
__Hidloc                       idloc        200008
__Hifardata                    ifardata     000000
__Hinit                        init         000092
__Hintcode                     intcode      00000E
__Hintcode_body                intcode_body 000000
__Hintcodelo                   intcodelo    00008E
__Hintentry                    intentry     000000
__Hintret                      intret       000000
__Hintsave_regs                intsave_regs 000000
__Hirdata                      irdata       000000
__Hmediumconst                 mediumconst  000000
__HnvFARRAM                    nvFARRAM     000000
__Hnvbit                       nvbit        000000
__Hnvrram                      nvrram       000000
__Hparam                       rparam       000000
__Hpowerup                     powerup      00008E
__Hram                         ram          000000
__Hramtop                      ramtop       000600
__Hrbit                        rbit         000000
__Hrbss                        rbss         000000
__Hrdata                       rdata        000000
__Hreset_vec                   reset_vec    000004
__Hrparam                      rparam       000000
__Hsfr                         sfr          000000
__Hsmallconst                  smallconst   000616
__Hspace_0                     (abs)        000C80
__Hspace_1                     (abs)        00004C
__Hspace_2                     (abs)        000000
__Hspace_4                     (abs)        60000E
__Hstack                       stack        000000
__Hstruct                      struct       000000
__Htemp                        temp         00004C
__Htext                        text         000000
__Htext0                       text0        000000
__Htext1                       text1        000000
__Htext10                      text10       000000
__Htext11                      text11       000000
__Htext12                      text12       000000
__Htext13                      text13       000000
__Htext14                      text14       000000
__Htext2                       text2        000000
__Htext3                       text3        000000
__Htext4                       text4        000000
__Htext5                       text5        000000
__Htext6                       text6        000000
__Htext7                       text7        000000
__Htext9                       text9        000000
__LRAM                         (abs)        000001
__L__absolute__                __absolute__ 000000
__Labs1                        abs1         000000
__Lbank0                       bank0        000000
__Lbank1                       bank1        000000
__Lbank2                       bank2        000000
__Lbank3                       bank3        000000
__Lbank4                       bank4        000000
__Lbank5                       bank5        000000
__Lbigbss                      bigbss       000000
__Lbigdata                     bigdata      000000
__Lbigram                      bigram       000000
__Lbigsfr                      bigsfr       000000
__Lbss                         bss          000000
__LbssCOMRAM                   bssCOMRAM    000000
__Lcinit                       cinit        000000
__Lclrtext                     clrtext      000000
__Lcomram                      comram       000000
__Lconfig                      config       000000
__Lconst                       const        000000
__LcstackCOMRAM                cstackCOMRAM 000000
__Ldata                        data         000000
__Leeprom_data                 eeprom_data  000000
__Lfarbss                      farbss       000000
__Lfardata                     fardata      000000
__Lheap                        heap         000000
__Libigdata                    ibigdata     000000
__Lidata                       idata        000000
__Lidloc                       idloc        000000
__Lifardata                    ifardata     000000
__Linit                        init         00008E
__Lintcode                     intcode      000008
__Lintcode_body                intcode_body 000000
__Lintcodelo                   intcodelo    000018
__Lintentry                    intentry     000000
__Lintret                      intret       000000
__Lintsave_regs                intsave_regs 000000
__Lirdata                      irdata       000000
__Lmediumconst                 mediumconst  000000
__LnvFARRAM                    nvFARRAM     000000
__Lnvbit                       nvbit        000000
__Lnvrram                      nvrram       000000
__Lparam                       rparam       000000
__Lpowerup                     powerup      00008E
__Lram                         ram          000000
__Lramtop                      ramtop       000600
__Lrbit                        rbit         000000
__Lrbss                        rbss         000000
__Lrdata                       rdata        000000
__Lreset_vec                   reset_vec    000000
__Lrparam                      rparam       000000
__Lsfr                         sfr          000000
__Lsmallconst                  smallconst   000600
__Lspace_0                     (abs)        000000
__Lspace_1                     (abs)        000000
__Lspace_2                     (abs)        000000
__Lspace_4                     (abs)        000000
__Lstack                       stack        000000
__Lstruct                      struct       000000
__Ltemp                        temp         00004B
__Ltext                        text         000000
__Ltext0                       text0        000000
__Ltext1                       text1        000000
__Ltext10                      text10       000000
__Ltext11                      text11       000000
__Ltext12                      text12       000000
__Ltext13                      text13       000000
__Ltext14                      text14       000000
__Ltext2                       text2        000000
__Ltext3                       text3        000000
__Ltext4                       text4        000000
__Ltext5                       text5        000000
__Ltext6                       text6        000000
__Ltext7                       text7        000000
__Ltext9                       text9        000000
__S0                           (abs)        000C80
__S1                           (abs)        00004C
__S4                           (abs)        000000
__S5                           (abs)        000000
___heap_hi                     (abs)        000000
___heap_lo                     (abs)        000000
___inthi_sp                    stack        000000
___inthi_stack_hi              stack        000000
___inthi_stack_lo              stack        000000
___intlo_sp                    stack        000000
___intlo_stack_hi              stack        000000
___intlo_stack_lo              stack        000000
___param_bank                  (abs)        000000
___rparam_used                 (abs)        000001
___sp                          stack        000000
___stack_hi                    stack        000000
___stack_lo                    stack        000000
__accesstop                    (abs)        000080
__activetblptr                 (abs)        000002
__end_of_ADC_Initialize        text6        000BCA
__end_of_ADC_Read              text7        000C0C
__end_of_CCP1_Initialize       text5        000C2A
__end_of_Hi_ISR                intcode_body 0008E8
__end_of_INTERRUPT_Initialize  text4        000C80
__end_of_Lo_ISR                intcodelo    00008E
__end_of_MyusartRead           text9        000A7C
__end_of_OSCILLATOR_Initialize text3        000C78
__end_of_SYSTEM_Initialize     text1        000C5A
__end_of_UART_Initialize       text2        000BEC
__end_of_UART_Write            text14       000C70
__end_of_UART_Write_Text       text13       000B36
__end_of__initialization       cinit        000C36
__end_of_main                  text0        000B9C
__end_of_strcat                text12       000AEC
__end_of_strlen                text11       000B6C
__end_of_strncmp               text10       0009C8
__initialization               cinit        000C2A
__mediumconst                  mediumconst  000000
__pbssCOMRAM                   bssCOMRAM    000001
__pcinit                       cinit        000C2A
__pcstackCOMRAM                cstackCOMRAM 000030
__pintcode                     intcode      000008
__pintcode_body                intcode_body 000616
__pintcodelo                   intcodelo    000018
__psmallconst                  smallconst   000600
__ptext0                       text0        000B6C
__ptext1                       text1        000C44
__ptext10                      text10       0008E8
__ptext11                      text11       000B36
__ptext12                      text12       000A7C
__ptext13                      text13       000AEC
__ptext14                      text14       000C5A
__ptext2                       text2        000BCA
__ptext3                       text3        000C70
__ptext4                       text4        000C78
__ptext5                       text5        000C0C
__ptext6                       text6        000B9C
__ptext7                       text7        000BEC
__ptext9                       text9        0009C8
__ramtop                       ramtop       000600
__smallconst                   smallconst   000600
_before                        bssCOMRAM    00001B
_input                         bssCOMRAM    000017
_lenStr                        bssCOMRAM    000019
_main                          text0        000B6C
_mystring                      bssCOMRAM    00001C
_num                           bssCOMRAM    000015
_str                           bssCOMRAM    000001
_strcat                        text12       000A7C
_strlen                        text11       000B36
_strncmp                       text10       0008E8
btemp                          temp         00004B
end_of_initialization          cinit        000C36
int$flags                      temp         00004B
int_func                       intcode_body 000616
intlevel0                      text         000000
intlevel1                      text         000000
intlevel2                      text         000000
intlevel3                      text         000000
isa$std                        (abs)        000001
isa$xinst                      (abs)        000000
stackhi                        (abs)        000000
stacklo                        (abs)        000000
start                          init         00008E
start_initialization           cinit        000C2A
strcat@dest                    cstackCOMRAM 000033
strcat@i                       cstackCOMRAM 000038
strcat@src                     cstackCOMRAM 000035
strlen@a                       cstackCOMRAM 000035
strlen@s                       cstackCOMRAM 000033
strncmp@l                      cstackCOMRAM 000033
strncmp@n                      cstackCOMRAM 000037
strncmp@r                      cstackCOMRAM 000036
ttemp5                         temp         00004C
ttemp6                         temp         00004F
ttemp7                         temp         000053
wtemp8                         temp         00004C


MODULE INFORMATION

Module		Function		Class		Link	Load	Size
setting_hardaware/interrupt_manager.c
		_INTERRUPT_Initialize		CODE           	0C78	0000	8

setting_hardaware/interrupt_manager.c estimated size: 8

setting_hardaware/uart.c
		_Lo_ISR        		CODE           	0018	0000	118
		_MyusartRead   		CODE           	09C8	0000	180
		_UART_Write_Text		CODE           	0AEC	0000	74
		_UART_Initialize		CODE           	0BCA	0000	34
		_UART_Write    		CODE           	0C5A	0000	22

setting_hardaware/uart.c estimated size: 428

C:\Program Files\Microchip\xc8\v2.45\pic\sources\c99\common\strncmp.c
		_strncmp       		CODE           	08E8	0000	224

C:\Program Files\Microchip\xc8\v2.45\pic\sources\c99\common\strncmp.c estimated size: 224

setting_hardaware/ccp1.c
		_CCP1_Initialize		CODE           	0C0C	0000	30

setting_hardaware/ccp1.c estimated size: 30

setting_hardaware/adc.c
		_ADC_Initialize		CODE           	0B9C	0000	46
		_ADC_Read      		CODE           	0BEC	0000	32

setting_hardaware/adc.c estimated size: 78

C:\Program Files\Microchip\xc8\v2.45\pic\sources\c99\common\strcat.c
		_strcat        		CODE           	0A7C	0000	112

C:\Program Files\Microchip\xc8\v2.45\pic\sources\c99\common\strcat.c estimated size: 112

shared
		__initialization		CODE           	0C2A	0000	12

shared estimated size: 12

C:\Program Files\Microchip\xc8\v2.45\pic\sources\c99\common\strlen.c
		_strlen        		CODE           	0B36	0000	54

C:\Program Files\Microchip\xc8\v2.45\pic\sources\c99\common\strlen.c estimated size: 54

setting_hardaware/setting.c
		_OSCILLATOR_Initialize		CODE           	0C70	0000	8
		_SYSTEM_Initialize		CODE           	0C44	0000	22

setting_hardaware/setting.c estimated size: 30

main.c
		_main          		CODE           	0B6C	0000	48
		_Hi_ISR        		CODE           	0008	0000	728

main.c estimated size: 776

